✅ Arquivo system_config.json é um arquivo válido de configuração do sistema e foi carregado com sucesso!
✅ Arquivo raxml-sscad-time_config.json é um arquivo válido de configuração de uma aplicação e foi carregado com sucesso!
✅ Arquivo raxml_config.json é um arquivo válido de configuração de uma aplicação e foi carregado com sucesso!
✅ Arquivo ntb_config.json é um arquivo válido de configuração de uma aplicação e foi carregado com sucesso!
✅ Arquivo raxml-sscad_config.json é um arquivo válido de configuração de uma aplicação e foi carregado com sucesso!
✅ Todos os arquicos applications do diretório com as confugurações das aplicações são válidos e foram lidos!
✅ Arquivo user_config.json é um arquivo válido de configuração do script do usuário e foi carregado com sucesso!
✅ Arquivo predictors_info.json é um arquivo válido de configuração dos preditores e foi carregado com sucesso!
➡️  Sugestão: nodes=4, process=2, threads=8
➡️  Tempo para a sugestão: 5.48 s
➡️  Pontuação da sugestão: 11446.52
➡️  X usado nas predições feitas quando estavamos escolhendo a malhor sugestão:

 +-----+----------+------------------+-------------------+-------------+-----------+
|     |   NNodes |   Processo p/ no |   Thread p/ proc. |   Bootstrap |   Tamanho |
+=====+==========+==================+===================+=============+===========+
|   0 |     1.00 |             1.00 |             32.00 |      100.00 | 231143.00 |
+-----+----------+------------------+-------------------+-------------+-----------+
|   1 |     1.00 |             1.00 |             64.00 |      100.00 | 231143.00 |
+-----+----------+------------------+-------------------+-------------+-----------+
|   2 |     1.00 |             1.00 |              2.00 |      100.00 | 231143.00 |
+-----+----------+------------------+-------------------+-------------+-----------+
|   3 |     1.00 |             1.00 |              4.00 |      100.00 | 231143.00 |
+-----+----------+------------------+-------------------+-------------+-----------+
|   4 |     1.00 |             1.00 |              8.00 |      100.00 | 231143.00 |
+-----+----------+------------------+-------------------+-------------+-----------+
|   5 |     1.00 |             1.00 |             16.00 |      100.00 | 231143.00 |
+-----+----------+------------------+-------------------+-------------+-----------+
|   6 |     1.00 |             2.00 |             32.00 |      100.00 | 231143.00 |
+-----+----------+------------------+-------------------+-------------+-----------+
|   7 |     1.00 |             2.00 |             64.00 |      100.00 | 231143.00 |
+-----+----------+------------------+-------------------+-------------+-----------+
|   8 |     1.00 |             2.00 |              2.00 |      100.00 | 231143.00 |
+-----+----------+------------------+-------------------+-------------+-----------+
|   9 |     1.00 |             2.00 |              4.00 |      100.00 | 231143.00 |
+-----+----------+------------------+-------------------+-------------+-----------+
|  10 |     1.00 |             2.00 |              8.00 |      100.00 | 231143.00 |
+-----+----------+------------------+-------------------+-------------+-----------+
|  11 |     1.00 |             2.00 |             16.00 |      100.00 | 231143.00 |
+-----+----------+------------------+-------------------+-------------+-----------+
|  12 |     1.00 |             4.00 |             32.00 |      100.00 | 231143.00 |
+-----+----------+------------------+-------------------+-------------+-----------+
|  13 |     1.00 |             4.00 |             64.00 |      100.00 | 231143.00 |
+-----+----------+------------------+-------------------+-------------+-----------+
|  14 |     1.00 |             4.00 |              2.00 |      100.00 | 231143.00 |
+-----+----------+------------------+-------------------+-------------+-----------+
|  15 |     1.00 |             4.00 |              4.00 |      100.00 | 231143.00 |
+-----+----------+------------------+-------------------+-------------+-----------+
|  16 |     1.00 |             4.00 |              8.00 |      100.00 | 231143.00 |
+-----+----------+------------------+-------------------+-------------+-----------+
|  17 |     1.00 |             4.00 |             16.00 |      100.00 | 231143.00 |
+-----+----------+------------------+-------------------+-------------+-----------+
|  18 |     2.00 |             1.00 |             32.00 |      100.00 | 231143.00 |
+-----+----------+------------------+-------------------+-------------+-----------+
|  19 |     2.00 |             1.00 |             64.00 |      100.00 | 231143.00 |
+-----+----------+------------------+-------------------+-------------+-----------+
|  20 |     2.00 |             1.00 |              2.00 |      100.00 | 231143.00 |
+-----+----------+------------------+-------------------+-------------+-----------+
|  21 |     2.00 |             1.00 |              4.00 |      100.00 | 231143.00 |
+-----+----------+------------------+-------------------+-------------+-----------+
|  22 |     2.00 |             1.00 |              8.00 |      100.00 | 231143.00 |
+-----+----------+------------------+-------------------+-------------+-----------+
|  23 |     2.00 |             1.00 |             16.00 |      100.00 | 231143.00 |
+-----+----------+------------------+-------------------+-------------+-----------+
|  24 |     2.00 |             2.00 |             32.00 |      100.00 | 231143.00 |
+-----+----------+------------------+-------------------+-------------+-----------+
|  25 |     2.00 |             2.00 |             64.00 |      100.00 | 231143.00 |
+-----+----------+------------------+-------------------+-------------+-----------+
|  26 |     2.00 |             2.00 |              2.00 |      100.00 | 231143.00 |
+-----+----------+------------------+-------------------+-------------+-----------+
|  27 |     2.00 |             2.00 |              4.00 |      100.00 | 231143.00 |
+-----+----------+------------------+-------------------+-------------+-----------+
|  28 |     2.00 |             2.00 |              8.00 |      100.00 | 231143.00 |
+-----+----------+------------------+-------------------+-------------+-----------+
|  29 |     2.00 |             2.00 |             16.00 |      100.00 | 231143.00 |
+-----+----------+------------------+-------------------+-------------+-----------+
|  30 |     2.00 |             4.00 |             32.00 |      100.00 | 231143.00 |
+-----+----------+------------------+-------------------+-------------+-----------+
|  31 |     2.00 |             4.00 |             64.00 |      100.00 | 231143.00 |
+-----+----------+------------------+-------------------+-------------+-----------+
|  32 |     2.00 |             4.00 |              2.00 |      100.00 | 231143.00 |
+-----+----------+------------------+-------------------+-------------+-----------+
|  33 |     2.00 |             4.00 |              4.00 |      100.00 | 231143.00 |
+-----+----------+------------------+-------------------+-------------+-----------+
|  34 |     2.00 |             4.00 |              8.00 |      100.00 | 231143.00 |
+-----+----------+------------------+-------------------+-------------+-----------+
|  35 |     2.00 |             4.00 |             16.00 |      100.00 | 231143.00 |
+-----+----------+------------------+-------------------+-------------+-----------+
|  36 |     3.00 |             1.00 |             32.00 |      100.00 | 231143.00 |
+-----+----------+------------------+-------------------+-------------+-----------+
|  37 |     3.00 |             1.00 |             64.00 |      100.00 | 231143.00 |
+-----+----------+------------------+-------------------+-------------+-----------+
|  38 |     3.00 |             1.00 |              2.00 |      100.00 | 231143.00 |
+-----+----------+------------------+-------------------+-------------+-----------+
|  39 |     3.00 |             1.00 |              4.00 |      100.00 | 231143.00 |
+-----+----------+------------------+-------------------+-------------+-----------+
|  40 |     3.00 |             1.00 |              8.00 |      100.00 | 231143.00 |
+-----+----------+------------------+-------------------+-------------+-----------+
|  41 |     3.00 |             1.00 |             16.00 |      100.00 | 231143.00 |
+-----+----------+------------------+-------------------+-------------+-----------+
|  42 |     3.00 |             2.00 |             32.00 |      100.00 | 231143.00 |
+-----+----------+------------------+-------------------+-------------+-----------+
|  43 |     3.00 |             2.00 |             64.00 |      100.00 | 231143.00 |
+-----+----------+------------------+-------------------+-------------+-----------+
|  44 |     3.00 |             2.00 |              2.00 |      100.00 | 231143.00 |
+-----+----------+------------------+-------------------+-------------+-----------+
|  45 |     3.00 |             2.00 |              4.00 |      100.00 | 231143.00 |
+-----+----------+------------------+-------------------+-------------+-----------+
|  46 |     3.00 |             2.00 |              8.00 |      100.00 | 231143.00 |
+-----+----------+------------------+-------------------+-------------+-----------+
|  47 |     3.00 |             2.00 |             16.00 |      100.00 | 231143.00 |
+-----+----------+------------------+-------------------+-------------+-----------+
|  48 |     3.00 |             4.00 |             32.00 |      100.00 | 231143.00 |
+-----+----------+------------------+-------------------+-------------+-----------+
|  49 |     3.00 |             4.00 |             64.00 |      100.00 | 231143.00 |
+-----+----------+------------------+-------------------+-------------+-----------+
|  50 |     3.00 |             4.00 |              2.00 |      100.00 | 231143.00 |
+-----+----------+------------------+-------------------+-------------+-----------+
|  51 |     3.00 |             4.00 |              4.00 |      100.00 | 231143.00 |
+-----+----------+------------------+-------------------+-------------+-----------+
|  52 |     3.00 |             4.00 |              8.00 |      100.00 | 231143.00 |
+-----+----------+------------------+-------------------+-------------+-----------+
|  53 |     3.00 |             4.00 |             16.00 |      100.00 | 231143.00 |
+-----+----------+------------------+-------------------+-------------+-----------+
|  54 |     4.00 |             1.00 |             32.00 |      100.00 | 231143.00 |
+-----+----------+------------------+-------------------+-------------+-----------+
|  55 |     4.00 |             1.00 |             64.00 |      100.00 | 231143.00 |
+-----+----------+------------------+-------------------+-------------+-----------+
|  56 |     4.00 |             1.00 |              2.00 |      100.00 | 231143.00 |
+-----+----------+------------------+-------------------+-------------+-----------+
|  57 |     4.00 |             1.00 |              4.00 |      100.00 | 231143.00 |
+-----+----------+------------------+-------------------+-------------+-----------+
|  58 |     4.00 |             1.00 |              8.00 |      100.00 | 231143.00 |
+-----+----------+------------------+-------------------+-------------+-----------+
|  59 |     4.00 |             1.00 |             16.00 |      100.00 | 231143.00 |
+-----+----------+------------------+-------------------+-------------+-----------+
|  60 |     4.00 |             2.00 |             32.00 |      100.00 | 231143.00 |
+-----+----------+------------------+-------------------+-------------+-----------+
|  61 |     4.00 |             2.00 |             64.00 |      100.00 | 231143.00 |
+-----+----------+------------------+-------------------+-------------+-----------+
|  62 |     4.00 |             2.00 |              2.00 |      100.00 | 231143.00 |
+-----+----------+------------------+-------------------+-------------+-----------+
|  63 |     4.00 |             2.00 |              4.00 |      100.00 | 231143.00 |
+-----+----------+------------------+-------------------+-------------+-----------+
|  64 |     4.00 |             2.00 |              8.00 |      100.00 | 231143.00 |
+-----+----------+------------------+-------------------+-------------+-----------+
|  65 |     4.00 |             2.00 |             16.00 |      100.00 | 231143.00 |
+-----+----------+------------------+-------------------+-------------+-----------+
|  66 |     4.00 |             4.00 |             32.00 |      100.00 | 231143.00 |
+-----+----------+------------------+-------------------+-------------+-----------+
|  67 |     4.00 |             4.00 |             64.00 |      100.00 | 231143.00 |
+-----+----------+------------------+-------------------+-------------+-----------+
|  68 |     4.00 |             4.00 |              2.00 |      100.00 | 231143.00 |
+-----+----------+------------------+-------------------+-------------+-----------+
|  69 |     4.00 |             4.00 |              4.00 |      100.00 | 231143.00 |
+-----+----------+------------------+-------------------+-------------+-----------+
|  70 |     4.00 |             4.00 |              8.00 |      100.00 | 231143.00 |
+-----+----------+------------------+-------------------+-------------+-----------+
|  71 |     4.00 |             4.00 |             16.00 |      100.00 | 231143.00 |
+-----+----------+------------------+-------------------+-------------+-----------+
|  72 |     5.00 |             1.00 |             32.00 |      100.00 | 231143.00 |
+-----+----------+------------------+-------------------+-------------+-----------+
|  73 |     5.00 |             1.00 |             64.00 |      100.00 | 231143.00 |
+-----+----------+------------------+-------------------+-------------+-----------+
|  74 |     5.00 |             1.00 |              2.00 |      100.00 | 231143.00 |
+-----+----------+------------------+-------------------+-------------+-----------+
|  75 |     5.00 |             1.00 |              4.00 |      100.00 | 231143.00 |
+-----+----------+------------------+-------------------+-------------+-----------+
|  76 |     5.00 |             1.00 |              8.00 |      100.00 | 231143.00 |
+-----+----------+------------------+-------------------+-------------+-----------+
|  77 |     5.00 |             1.00 |             16.00 |      100.00 | 231143.00 |
+-----+----------+------------------+-------------------+-------------+-----------+
|  78 |     5.00 |             2.00 |             32.00 |      100.00 | 231143.00 |
+-----+----------+------------------+-------------------+-------------+-----------+
|  79 |     5.00 |             2.00 |             64.00 |      100.00 | 231143.00 |
+-----+----------+------------------+-------------------+-------------+-----------+
|  80 |     5.00 |             2.00 |              2.00 |      100.00 | 231143.00 |
+-----+----------+------------------+-------------------+-------------+-----------+
|  81 |     5.00 |             2.00 |              4.00 |      100.00 | 231143.00 |
+-----+----------+------------------+-------------------+-------------+-----------+
|  82 |     5.00 |             2.00 |              8.00 |      100.00 | 231143.00 |
+-----+----------+------------------+-------------------+-------------+-----------+
|  83 |     5.00 |             2.00 |             16.00 |      100.00 | 231143.00 |
+-----+----------+------------------+-------------------+-------------+-----------+
|  84 |     5.00 |             4.00 |             32.00 |      100.00 | 231143.00 |
+-----+----------+------------------+-------------------+-------------+-----------+
|  85 |     5.00 |             4.00 |             64.00 |      100.00 | 231143.00 |
+-----+----------+------------------+-------------------+-------------+-----------+
|  86 |     5.00 |             4.00 |              2.00 |      100.00 | 231143.00 |
+-----+----------+------------------+-------------------+-------------+-----------+
|  87 |     5.00 |             4.00 |              4.00 |      100.00 | 231143.00 |
+-----+----------+------------------+-------------------+-------------+-----------+
|  88 |     5.00 |             4.00 |              8.00 |      100.00 | 231143.00 |
+-----+----------+------------------+-------------------+-------------+-----------+
|  89 |     5.00 |             4.00 |             16.00 |      100.00 | 231143.00 |
+-----+----------+------------------+-------------------+-------------+-----------+
|  90 |     6.00 |             1.00 |             32.00 |      100.00 | 231143.00 |
+-----+----------+------------------+-------------------+-------------+-----------+
|  91 |     6.00 |             1.00 |             64.00 |      100.00 | 231143.00 |
+-----+----------+------------------+-------------------+-------------+-----------+
|  92 |     6.00 |             1.00 |              2.00 |      100.00 | 231143.00 |
+-----+----------+------------------+-------------------+-------------+-----------+
|  93 |     6.00 |             1.00 |              4.00 |      100.00 | 231143.00 |
+-----+----------+------------------+-------------------+-------------+-----------+
|  94 |     6.00 |             1.00 |              8.00 |      100.00 | 231143.00 |
+-----+----------+------------------+-------------------+-------------+-----------+
|  95 |     6.00 |             1.00 |             16.00 |      100.00 | 231143.00 |
+-----+----------+------------------+-------------------+-------------+-----------+
|  96 |     6.00 |             2.00 |             32.00 |      100.00 | 231143.00 |
+-----+----------+------------------+-------------------+-------------+-----------+
|  97 |     6.00 |             2.00 |             64.00 |      100.00 | 231143.00 |
+-----+----------+------------------+-------------------+-------------+-----------+
|  98 |     6.00 |             2.00 |              2.00 |      100.00 | 231143.00 |
+-----+----------+------------------+-------------------+-------------+-----------+
|  99 |     6.00 |             2.00 |              4.00 |      100.00 | 231143.00 |
+-----+----------+------------------+-------------------+-------------+-----------+
| 100 |     6.00 |             2.00 |              8.00 |      100.00 | 231143.00 |
+-----+----------+------------------+-------------------+-------------+-----------+
| 101 |     6.00 |             2.00 |             16.00 |      100.00 | 231143.00 |
+-----+----------+------------------+-------------------+-------------+-----------+
| 102 |     6.00 |             4.00 |             32.00 |      100.00 | 231143.00 |
+-----+----------+------------------+-------------------+-------------+-----------+
| 103 |     6.00 |             4.00 |             64.00 |      100.00 | 231143.00 |
+-----+----------+------------------+-------------------+-------------+-----------+
| 104 |     6.00 |             4.00 |              2.00 |      100.00 | 231143.00 |
+-----+----------+------------------+-------------------+-------------+-----------+
| 105 |     6.00 |             4.00 |              4.00 |      100.00 | 231143.00 |
+-----+----------+------------------+-------------------+-------------+-----------+
| 106 |     6.00 |             4.00 |              8.00 |      100.00 | 231143.00 |
+-----+----------+------------------+-------------------+-------------+-----------+
| 107 |     6.00 |             4.00 |             16.00 |      100.00 | 231143.00 |
+-----+----------+------------------+-------------------+-------------+-----------+
| 108 |     7.00 |             1.00 |             32.00 |      100.00 | 231143.00 |
+-----+----------+------------------+-------------------+-------------+-----------+
| 109 |     7.00 |             1.00 |             64.00 |      100.00 | 231143.00 |
+-----+----------+------------------+-------------------+-------------+-----------+
| 110 |     7.00 |             1.00 |              2.00 |      100.00 | 231143.00 |
+-----+----------+------------------+-------------------+-------------+-----------+
| 111 |     7.00 |             1.00 |              4.00 |      100.00 | 231143.00 |
+-----+----------+------------------+-------------------+-------------+-----------+
| 112 |     7.00 |             1.00 |              8.00 |      100.00 | 231143.00 |
+-----+----------+------------------+-------------------+-------------+-----------+
| 113 |     7.00 |             1.00 |             16.00 |      100.00 | 231143.00 |
+-----+----------+------------------+-------------------+-------------+-----------+
| 114 |     7.00 |             2.00 |             32.00 |      100.00 | 231143.00 |
+-----+----------+------------------+-------------------+-------------+-----------+
| 115 |     7.00 |             2.00 |             64.00 |      100.00 | 231143.00 |
+-----+----------+------------------+-------------------+-------------+-----------+
| 116 |     7.00 |             2.00 |              2.00 |      100.00 | 231143.00 |
+-----+----------+------------------+-------------------+-------------+-----------+
| 117 |     7.00 |             2.00 |              4.00 |      100.00 | 231143.00 |
+-----+----------+------------------+-------------------+-------------+-----------+
| 118 |     7.00 |             2.00 |              8.00 |      100.00 | 231143.00 |
+-----+----------+------------------+-------------------+-------------+-----------+
| 119 |     7.00 |             2.00 |             16.00 |      100.00 | 231143.00 |
+-----+----------+------------------+-------------------+-------------+-----------+
| 120 |     7.00 |             4.00 |             32.00 |      100.00 | 231143.00 |
+-----+----------+------------------+-------------------+-------------+-----------+
| 121 |     7.00 |             4.00 |             64.00 |      100.00 | 231143.00 |
+-----+----------+------------------+-------------------+-------------+-----------+
| 122 |     7.00 |             4.00 |              2.00 |      100.00 | 231143.00 |
+-----+----------+------------------+-------------------+-------------+-----------+
| 123 |     7.00 |             4.00 |              4.00 |      100.00 | 231143.00 |
+-----+----------+------------------+-------------------+-------------+-----------+
| 124 |     7.00 |             4.00 |              8.00 |      100.00 | 231143.00 |
+-----+----------+------------------+-------------------+-------------+-----------+
| 125 |     7.00 |             4.00 |             16.00 |      100.00 | 231143.00 |
+-----+----------+------------------+-------------------+-------------+-----------+
| 126 |     8.00 |             1.00 |             32.00 |      100.00 | 231143.00 |
+-----+----------+------------------+-------------------+-------------+-----------+
| 127 |     8.00 |             1.00 |             64.00 |      100.00 | 231143.00 |
+-----+----------+------------------+-------------------+-------------+-----------+
| 128 |     8.00 |             1.00 |              2.00 |      100.00 | 231143.00 |
+-----+----------+------------------+-------------------+-------------+-----------+
| 129 |     8.00 |             1.00 |              4.00 |      100.00 | 231143.00 |
+-----+----------+------------------+-------------------+-------------+-----------+
| 130 |     8.00 |             1.00 |              8.00 |      100.00 | 231143.00 |
+-----+----------+------------------+-------------------+-------------+-----------+
| 131 |     8.00 |             1.00 |             16.00 |      100.00 | 231143.00 |
+-----+----------+------------------+-------------------+-------------+-----------+
| 132 |     8.00 |             2.00 |             32.00 |      100.00 | 231143.00 |
+-----+----------+------------------+-------------------+-------------+-----------+
| 133 |     8.00 |             2.00 |             64.00 |      100.00 | 231143.00 |
+-----+----------+------------------+-------------------+-------------+-----------+
| 134 |     8.00 |             2.00 |              2.00 |      100.00 | 231143.00 |
+-----+----------+------------------+-------------------+-------------+-----------+
| 135 |     8.00 |             2.00 |              4.00 |      100.00 | 231143.00 |
+-----+----------+------------------+-------------------+-------------+-----------+
| 136 |     8.00 |             2.00 |              8.00 |      100.00 | 231143.00 |
+-----+----------+------------------+-------------------+-------------+-----------+
| 137 |     8.00 |             2.00 |             16.00 |      100.00 | 231143.00 |
+-----+----------+------------------+-------------------+-------------+-----------+
| 138 |     8.00 |             4.00 |             32.00 |      100.00 | 231143.00 |
+-----+----------+------------------+-------------------+-------------+-----------+
| 139 |     8.00 |             4.00 |             64.00 |      100.00 | 231143.00 |
+-----+----------+------------------+-------------------+-------------+-----------+
| 140 |     8.00 |             4.00 |              2.00 |      100.00 | 231143.00 |
+-----+----------+------------------+-------------------+-------------+-----------+
| 141 |     8.00 |             4.00 |              4.00 |      100.00 | 231143.00 |
+-----+----------+------------------+-------------------+-------------+-----------+
| 142 |     8.00 |             4.00 |              8.00 |      100.00 | 231143.00 |
+-----+----------+------------------+-------------------+-------------+-----------+
| 143 |     8.00 |             4.00 |             16.00 |      100.00 | 231143.00 |
+-----+----------+------------------+-------------------+-------------+-----------+
| 144 |     9.00 |             1.00 |             32.00 |      100.00 | 231143.00 |
+-----+----------+------------------+-------------------+-------------+-----------+
| 145 |     9.00 |             1.00 |             64.00 |      100.00 | 231143.00 |
+-----+----------+------------------+-------------------+-------------+-----------+
| 146 |     9.00 |             1.00 |              2.00 |      100.00 | 231143.00 |
+-----+----------+------------------+-------------------+-------------+-----------+
| 147 |     9.00 |             1.00 |              4.00 |      100.00 | 231143.00 |
+-----+----------+------------------+-------------------+-------------+-----------+
| 148 |     9.00 |             1.00 |              8.00 |      100.00 | 231143.00 |
+-----+----------+------------------+-------------------+-------------+-----------+
| 149 |     9.00 |             1.00 |             16.00 |      100.00 | 231143.00 |
+-----+----------+------------------+-------------------+-------------+-----------+
| 150 |     9.00 |             2.00 |             32.00 |      100.00 | 231143.00 |
+-----+----------+------------------+-------------------+-------------+-----------+
| 151 |     9.00 |             2.00 |             64.00 |      100.00 | 231143.00 |
+-----+----------+------------------+-------------------+-------------+-----------+
| 152 |     9.00 |             2.00 |              2.00 |      100.00 | 231143.00 |
+-----+----------+------------------+-------------------+-------------+-----------+
| 153 |     9.00 |             2.00 |              4.00 |      100.00 | 231143.00 |
+-----+----------+------------------+-------------------+-------------+-----------+
| 154 |     9.00 |             2.00 |              8.00 |      100.00 | 231143.00 |
+-----+----------+------------------+-------------------+-------------+-----------+
| 155 |     9.00 |             2.00 |             16.00 |      100.00 | 231143.00 |
+-----+----------+------------------+-------------------+-------------+-----------+
| 156 |     9.00 |             4.00 |             32.00 |      100.00 | 231143.00 |
+-----+----------+------------------+-------------------+-------------+-----------+
| 157 |     9.00 |             4.00 |             64.00 |      100.00 | 231143.00 |
+-----+----------+------------------+-------------------+-------------+-----------+
| 158 |     9.00 |             4.00 |              2.00 |      100.00 | 231143.00 |
+-----+----------+------------------+-------------------+-------------+-----------+
| 159 |     9.00 |             4.00 |              4.00 |      100.00 | 231143.00 |
+-----+----------+------------------+-------------------+-------------+-----------+
| 160 |     9.00 |             4.00 |              8.00 |      100.00 | 231143.00 |
+-----+----------+------------------+-------------------+-------------+-----------+
| 161 |     9.00 |             4.00 |             16.00 |      100.00 | 231143.00 |
+-----+----------+------------------+-------------------+-------------+-----------+
| 162 |    10.00 |             1.00 |             32.00 |      100.00 | 231143.00 |
+-----+----------+------------------+-------------------+-------------+-----------+
| 163 |    10.00 |             1.00 |             64.00 |      100.00 | 231143.00 |
+-----+----------+------------------+-------------------+-------------+-----------+
| 164 |    10.00 |             1.00 |              2.00 |      100.00 | 231143.00 |
+-----+----------+------------------+-------------------+-------------+-----------+
| 165 |    10.00 |             1.00 |              4.00 |      100.00 | 231143.00 |
+-----+----------+------------------+-------------------+-------------+-----------+
| 166 |    10.00 |             1.00 |              8.00 |      100.00 | 231143.00 |
+-----+----------+------------------+-------------------+-------------+-----------+
| 167 |    10.00 |             1.00 |             16.00 |      100.00 | 231143.00 |
+-----+----------+------------------+-------------------+-------------+-----------+
| 168 |    10.00 |             2.00 |             32.00 |      100.00 | 231143.00 |
+-----+----------+------------------+-------------------+-------------+-----------+
| 169 |    10.00 |             2.00 |             64.00 |      100.00 | 231143.00 |
+-----+----------+------------------+-------------------+-------------+-----------+
| 170 |    10.00 |             2.00 |              2.00 |      100.00 | 231143.00 |
+-----+----------+------------------+-------------------+-------------+-----------+
| 171 |    10.00 |             2.00 |              4.00 |      100.00 | 231143.00 |
+-----+----------+------------------+-------------------+-------------+-----------+
| 172 |    10.00 |             2.00 |              8.00 |      100.00 | 231143.00 |
+-----+----------+------------------+-------------------+-------------+-----------+
| 173 |    10.00 |             2.00 |             16.00 |      100.00 | 231143.00 |
+-----+----------+------------------+-------------------+-------------+-----------+
| 174 |    10.00 |             4.00 |             32.00 |      100.00 | 231143.00 |
+-----+----------+------------------+-------------------+-------------+-----------+
| 175 |    10.00 |             4.00 |             64.00 |      100.00 | 231143.00 |
+-----+----------+------------------+-------------------+-------------+-----------+
| 176 |    10.00 |             4.00 |              2.00 |      100.00 | 231143.00 |
+-----+----------+------------------+-------------------+-------------+-----------+
| 177 |    10.00 |             4.00 |              4.00 |      100.00 | 231143.00 |
+-----+----------+------------------+-------------------+-------------+-----------+
| 178 |    10.00 |             4.00 |              8.00 |      100.00 | 231143.00 |
+-----+----------+------------------+-------------------+-------------+-----------+
| 179 |    10.00 |             4.00 |             16.00 |      100.00 | 231143.00 |
+-----+----------+------------------+-------------------+-------------+-----------+ 

➡️  y predito usado para escolher a melhor sugestão, sendo que o mínimo 11446.524913454205 está na posição 64:

 +-----+-----------+
|     |       EDP |
+=====+===========+
|   0 | 285881.06 |
+-----+-----------+
|   1 | 425319.12 |
+-----+-----------+
|   2 |  48155.61 |
+-----+-----------+
|   3 |  48155.61 |
+-----+-----------+
|   4 |  51299.75 |
+-----+-----------+
|   5 |  58923.09 |
+-----+-----------+
|   6 | 190320.75 |
+-----+-----------+
|   7 | 326898.27 |
+-----+-----------+
|   8 |  19756.28 |
+-----+-----------+
|   9 |  19362.07 |
+-----+-----------+
|  10 |  19526.60 |
+-----+-----------+
|  11 |  23488.17 |
+-----+-----------+
|  12 | 190320.75 |
+-----+-----------+
|  13 | 326898.27 |
+-----+-----------+
|  14 |  19756.28 |
+-----+-----------+
|  15 |  19362.07 |
+-----+-----------+
|  16 |  19526.60 |
+-----+-----------+
|  17 |  23488.17 |
+-----+-----------+
|  18 | 196783.25 |
+-----+-----------+
|  19 | 286847.13 |
+-----+-----------+
|  20 |  36459.15 |
+-----+-----------+
|  21 |  36332.39 |
+-----+-----------+
|  22 |  38312.33 |
+-----+-----------+
|  23 |  48522.69 |
+-----+-----------+
|  24 | 128720.13 |
+-----+-----------+
|  25 | 211293.96 |
+-----+-----------+
|  26 |  15132.93 |
+-----+-----------+
|  27 |  14988.29 |
+-----+-----------+
|  28 |  14988.29 |
+-----+-----------+
|  29 |  18677.70 |
+-----+-----------+
|  30 | 128720.13 |
+-----+-----------+
|  31 | 211293.96 |
+-----+-----------+
|  32 |  15132.93 |
+-----+-----------+
|  33 |  14988.29 |
+-----+-----------+
|  34 |  14988.29 |
+-----+-----------+
|  35 |  18677.70 |
+-----+-----------+
|  36 | 172317.55 |
+-----+-----------+
|  37 | 256934.05 |
+-----+-----------+
|  38 |  31203.50 |
+-----+-----------+
|  39 |  31076.74 |
+-----+-----------+
|  40 |  32539.00 |
+-----+-----------+
|  41 |  42908.15 |
+-----+-----------+
|  42 | 110737.16 |
+-----+-----------+
|  43 | 193118.38 |
+-----+-----------+
|  44 |  12428.18 |
+-----+-----------+
|  45 |  12214.66 |
+-----+-----------+
|  46 |  12256.84 |
+-----+-----------+
|  47 |  15988.54 |
+-----+-----------+
|  48 | 110737.16 |
+-----+-----------+
|  49 | 193118.38 |
+-----+-----------+
|  50 |  12428.18 |
+-----+-----------+
|  51 |  12214.66 |
+-----+-----------+
|  52 |  12256.84 |
+-----+-----------+
|  53 |  15988.54 |
+-----+-----------+
|  54 | 157201.44 |
+-----+-----------+
|  55 | 216055.26 |
+-----+-----------+
|  56 |  28482.03 |
+-----+-----------+
|  57 |  28281.02 |
+-----+-----------+
|  58 |  29577.74 |
+-----+-----------+
|  59 |  40869.91 |
+-----+-----------+
|  60 |  96819.65 |
+-----+-----------+
|  61 | 157435.62 |
+-----+-----------+
|  62 |  11532.76 |
+-----+-----------+
|  63 |  11463.87 |
+-----+-----------+
|  64 |  11446.52 |
+-----+-----------+
|  65 |  14972.76 |
+-----+-----------+
|  66 |  96819.65 |
+-----+-----------+
|  67 | 157435.62 |
+-----+-----------+
|  68 |  11532.76 |
+-----+-----------+
|  69 |  11463.87 |
+-----+-----------+
|  70 |  11446.52 |
+-----+-----------+
|  71 |  14972.76 |
+-----+-----------+
|  72 | 157201.44 |
+-----+-----------+
|  73 | 216055.26 |
+-----+-----------+
|  74 |  28482.03 |
+-----+-----------+
|  75 |  28281.02 |
+-----+-----------+
|  76 |  29577.74 |
+-----+-----------+
|  77 |  40869.91 |
+-----+-----------+
|  78 |  96819.65 |
+-----+-----------+
|  79 | 157435.62 |
+-----+-----------+
|  80 |  11532.76 |
+-----+-----------+
|  81 |  11463.87 |
+-----+-----------+
|  82 |  11446.52 |
+-----+-----------+
|  83 |  14972.76 |
+-----+-----------+
|  84 |  96819.65 |
+-----+-----------+
|  85 | 157435.62 |
+-----+-----------+
|  86 |  11532.76 |
+-----+-----------+
|  87 |  11463.87 |
+-----+-----------+
|  88 |  11446.52 |
+-----+-----------+
|  89 |  14972.76 |
+-----+-----------+
|  90 | 157201.44 |
+-----+-----------+
|  91 | 216055.26 |
+-----+-----------+
|  92 |  28482.03 |
+-----+-----------+
|  93 |  28281.02 |
+-----+-----------+
|  94 |  29577.74 |
+-----+-----------+
|  95 |  40869.91 |
+-----+-----------+
|  96 |  96819.65 |
+-----+-----------+
|  97 | 157435.62 |
+-----+-----------+
|  98 |  11532.76 |
+-----+-----------+
|  99 |  11463.87 |
+-----+-----------+
| 100 |  11446.52 |
+-----+-----------+
| 101 |  14972.76 |
+-----+-----------+
| 102 |  96819.65 |
+-----+-----------+
| 103 | 157435.62 |
+-----+-----------+
| 104 |  11532.76 |
+-----+-----------+
| 105 |  11463.87 |
+-----+-----------+
| 106 |  11446.52 |
+-----+-----------+
| 107 |  14972.76 |
+-----+-----------+
| 108 | 157201.44 |
+-----+-----------+
| 109 | 216055.26 |
+-----+-----------+
| 110 |  28482.03 |
+-----+-----------+
| 111 |  28281.02 |
+-----+-----------+
| 112 |  29577.74 |
+-----+-----------+
| 113 |  40869.91 |
+-----+-----------+
| 114 |  96819.65 |
+-----+-----------+
| 115 | 157435.62 |
+-----+-----------+
| 116 |  11532.76 |
+-----+-----------+
| 117 |  11463.87 |
+-----+-----------+
| 118 |  11446.52 |
+-----+-----------+
| 119 |  14972.76 |
+-----+-----------+
| 120 |  96819.65 |
+-----+-----------+
| 121 | 157435.62 |
+-----+-----------+
| 122 |  11532.76 |
+-----+-----------+
| 123 |  11463.87 |
+-----+-----------+
| 124 |  11446.52 |
+-----+-----------+
| 125 |  14972.76 |
+-----+-----------+
| 126 | 157201.44 |
+-----+-----------+
| 127 | 216055.26 |
+-----+-----------+
| 128 |  28482.03 |
+-----+-----------+
| 129 |  28281.02 |
+-----+-----------+
| 130 |  29577.74 |
+-----+-----------+
| 131 |  40869.91 |
+-----+-----------+
| 132 |  96819.65 |
+-----+-----------+
| 133 | 157435.62 |
+-----+-----------+
| 134 |  11532.76 |
+-----+-----------+
| 135 |  11463.87 |
+-----+-----------+
| 136 |  11446.52 |
+-----+-----------+
| 137 |  14972.76 |
+-----+-----------+
| 138 |  96819.65 |
+-----+-----------+
| 139 | 157435.62 |
+-----+-----------+
| 140 |  11532.76 |
+-----+-----------+
| 141 |  11463.87 |
+-----+-----------+
| 142 |  11446.52 |
+-----+-----------+
| 143 |  14972.76 |
+-----+-----------+
| 144 | 157201.44 |
+-----+-----------+
| 145 | 216055.26 |
+-----+-----------+
| 146 |  28482.03 |
+-----+-----------+
| 147 |  28281.02 |
+-----+-----------+
| 148 |  29577.74 |
+-----+-----------+
| 149 |  40869.91 |
+-----+-----------+
| 150 |  96819.65 |
+-----+-----------+
| 151 | 157435.62 |
+-----+-----------+
| 152 |  11532.76 |
+-----+-----------+
| 153 |  11463.87 |
+-----+-----------+
| 154 |  11446.52 |
+-----+-----------+
| 155 |  14972.76 |
+-----+-----------+
| 156 |  96819.65 |
+-----+-----------+
| 157 | 157435.62 |
+-----+-----------+
| 158 |  11532.76 |
+-----+-----------+
| 159 |  11463.87 |
+-----+-----------+
| 160 |  11446.52 |
+-----+-----------+
| 161 |  14972.76 |
+-----+-----------+
| 162 | 157201.44 |
+-----+-----------+
| 163 | 216055.26 |
+-----+-----------+
| 164 |  28482.03 |
+-----+-----------+
| 165 |  28281.02 |
+-----+-----------+
| 166 |  29577.74 |
+-----+-----------+
| 167 |  40869.91 |
+-----+-----------+
| 168 |  96819.65 |
+-----+-----------+
| 169 | 157435.62 |
+-----+-----------+
| 170 |  11532.76 |
+-----+-----------+
| 171 |  11463.87 |
+-----+-----------+
| 172 |  11446.52 |
+-----+-----------+
| 173 |  14972.76 |
+-----+-----------+
| 174 |  96819.65 |
+-----+-----------+
| 175 | 157435.62 |
+-----+-----------+
| 176 |  11532.76 |
+-----+-----------+
| 177 |  11463.87 |
+-----+-----------+
| 178 |  11446.52 |
+-----+-----------+
| 179 |  14972.76 |
+-----+-----------+ 

➡️  Script de submissão: 

#!/bin/bash
#SBATCH --nodes=4
#SBATCH --ntasks-per-node=2
#SBATCH --ntasks=8
#SBATCH --cpus-per-task=8
#SBATCH --partition=sequana_cpu_dev
#SBATCH --job-name=teste-customizado
#SBATCH --time=00:20:00
#SBATCH --exclusive
#SBATCH --mem=350G

module load raxml

cd $SLURM_SUBMIT_DIR

ulimit -s unlimited
ulimit -c unlimited
ulimit -v unlimited

EXEC="/petrobr/app_sequana/raxml/8.2.12/bin/raxmlHPC-HYBRID-AVX"

PARAMS="-T $SLURM_CPUS_PER_TASK -N 100 -s /home/xandao/Downloads/DENV_3-colombia-BVBRC_genome_sequence.mafft -x 10000"

if [ $SLURM_NTASKS_PER_NODE -eq 1 ]; then
  CPU_BIND="none"
else 
  CPU_BIND="socket"
fi       

srun -n $SLURM_NTASKS -c $SLURM_CPUS_PER_TASK --cpu-bind=$CPU_BIND $EXEC $PARAMS



➡️  Script de submissão ../outputs/raxml_customizado.sh criado com sucesso!
