✅ Sucess: File system_config.json is a valid system config file!
✅ Sucess: File raxml-sscad-time_config.json is a valid training config file!
✅ Sucess: File raxml_config.json is a valid training config file!
✅ Sucess: File ntb_config.json is a valid training config file!
✅ Sucess: File raxml-sscad_config.json is a valid training config file!
✅ Sucess: Files in applications applications config directory are all valid application scripts!
✅ Sucess: File user_config.json is a valid applications config file!
✅ Sucess: File predictors_info.json is a valid predictors config file!
X used when prediting EDP for all possible suggestions:

+----+----------+----------+-------------+-----------+
|    |   NNodes |   Thread |   Bootstrap |   Tamanho |
+====+==========+==========+=============+===========+
|  0 |     1.00 |     2.00 |      100.00 | 231143.00 |
+----+----------+----------+-------------+-----------+
|  1 |     1.00 |    24.00 |      100.00 | 231143.00 |
+----+----------+----------+-------------+-----------+
|  2 |     1.00 |    48.00 |      100.00 | 231143.00 |
+----+----------+----------+-------------+-----------+
|  3 |     5.00 |     2.00 |      100.00 | 231143.00 |
+----+----------+----------+-------------+-----------+
|  4 |     5.00 |    24.00 |      100.00 | 231143.00 |
+----+----------+----------+-------------+-----------+
|  5 |     5.00 |    48.00 |      100.00 | 231143.00 |
+----+----------+----------+-------------+-----------+



Prediced y when prediting EDP for all possible suggestions:

+----+-----------+
|    |         0 |
+====+===========+
|  0 |  99340.97 |
+----+-----------+
|  1 |  93449.70 |
+----+-----------+
|  2 | 636682.89 |
+----+-----------+
|  3 |  54431.44 |
+----+-----------+
|  4 | 134735.59 |
+----+-----------+
|  5 | 376166.79 |
+----+-----------+
mininum y_pred for application params {'Bootstrap': 100, 'Tamanho': 231143}: 54431.44000000005 in position 3 of y_preed
